../Core/Src/main.c:203:7:mapf	32	static
../Core/Src/main.c:220:6:clarke_transform	4	static
../Core/Src/main.c:226:6:park_transform	4	static
../Core/Src/main.c:235:6:inv_clarke_transform	4	static
../Core/Src/main.c:242:6:inv_park_transform	4	static
../Core/Src/main.c:248:7:PI_Control	16	static
../Core/Src/main.c:265:6:init_voltage_sensing	16	static
../Core/Src/main.c:299:6:current_sensing	16	static
../Core/Src/main.c:372:6:degree_sensing	8	static
../Core/Src/main.c:415:6:HAL_TIM_PeriodElapsedCallback	16	static
../Core/Src/main.c:427:5:_write	24	static
../Core/Src/main.c:439:5:main	24	static
../Core/Src/main.c:598:6:SystemClock_Config	96	static
../Core/Src/main.c:648:13:MX_ADC1_Init	56	static
../Core/Src/main.c:714:13:MX_ADC2_Init	40	static
../Core/Src/main.c:771:13:MX_CAN_Init	8	static
../Core/Src/main.c:808:13:MX_TIM1_Init	40	static
../Core/Src/main.c:855:13:MX_TIM2_Init	40	static
../Core/Src/main.c:900:13:MX_TIM3_Init	64	static
../Core/Src/main.c:967:13:MX_USART1_UART_Init	8	static
../Core/Src/main.c:1002:13:MX_GPIO_Init	40	static
../Core/Src/main.c:1050:6:Error_Handler	8	static,ignoring_inline_asm
